   4:1   identifier       a
   4:3   <<=              <<=
   4:7   int literal      1  = 1
   4:8   ;                ;
   4:10  identifier       a
   4:12  <=               <=
   4:15  int literal      1  = 1
   4:16  ;                ;
   4:18  identifier       a
   4:20  <<               <<
   4:23  int literal      1  = 1
   4:24  ;                ;
   4:26  identifier       a
   4:28  <                <
   4:30  int literal      1  = 1
   4:31  ;                ;
   5:1   identifier       b
   5:3   >>=              >>=
   5:7   int literal      1  = 1
   5:8   ;                ;
   5:10  identifier       b
   5:12  >=               >=
   5:15  int literal      1  = 1
   5:16  ;                ;
   5:18  identifier       b
   5:20  >>               >>
   5:23  int literal      1  = 1
   5:24  ;                ;
   5:26  identifier       b
   5:28  >                >
   5:30  int literal      1  = 1
   5:31  ;                ;
   6:1   identifier       c
   6:3   ->               ->
   6:6   identifier       d
   6:7   ;                ;
   6:9   identifier       c
   6:11  -                -
   6:13  identifier       d
   6:14  ;                ;
   6:16  identifier       c
   6:18  -=               -=
   6:21  identifier       d
   6:22  ;                ;
   7:1   identifier       e
   7:3   ==               ==
   7:6   identifier       f
   7:7   ;                ;
   7:9   identifier       e
   7:11  =>               =>
   7:14  identifier       f
   7:15  ;                ;
   7:17  identifier       e
   7:19  =                =
   7:21  identifier       f
   7:22  ;                ;
   8:1   identifier       g
   8:3   !=               !=
   8:6   identifier       h
   8:7   ;                ;
   8:9   identifier       g
   8:11  !                !
   8:13  identifier       h
   8:14  ;                ;
   9:1   identifier       x
   9:3   ...              ...
   9:7   identifier       y
   9:8   ;                ;
   9:10  identifier       x
   9:12  .                .
   9:14  identifier       y
   9:15  ;                ;
   9:17  identifier       x
   9:19  .                .
   9:20  .                .
   9:22  identifier       y
   9:23  ;                ;
  10:1   &&               &&
  10:4   &                &
  10:6   &=               &=
  10:9   ||               ||
  10:12  |                |
  10:14  |=               |=
  10:17  ^                ^
  10:19  ^=               ^=
  10:22  ~                ~
  11:1   +                +
  11:3   +=               +=
  11:6   -                -
  11:8   -=               -=
  11:11  *                *
  11:13  *=               *=
  11:16  /                /
  11:18  /=               /=
  11:21  %                %
  11:23  %=               %=
  12:1   (                (
  12:3   )                )
  12:5   {                {
  12:7   }                }
  12:9   [                [
  12:11  ]                ]
  12:13  ,                ,
  12:15  ;                ;
  12:17  :                :
  13:1   end of file      
lex_munch.slop: 106 tokens, 0 error(s)
exit: 0
